[2026-01-24 07:04:57] Début du traitement du formulaire POST
[2026-01-24 07:04:57] Données POST reçues : Array
(
    [nom] => kalala mutombo
    [email] => Kadiat@dreamcode.com
    [telephone] => 0830796030
    [sujet] => La retraite
    [message] => sdlqjmr
)

[2026-01-24 07:04:57] Erreur PDO: SQLSTATE[42S22]: Column not found: 1054 Champ 'sujet' inconnu dans field list
[2026-01-24 07:04:57] Trace: #0 C:\wamp64\www\eden\public\contact.php(70): PDOStatement->execute(Array)
#1 {main}
2026-01-24 07:08:25 - Test d'écriture dans le fichier de log
2026-01-24 07:10:10 - Test d'écriture dans le fichier de log
2026-01-24 07:10:11 - Test d'écriture dans le fichier de log
[2026-01-24 07:10:37] Début du traitement du formulaire POST
[2026-01-24 07:10:37] Données POST reçues : Array
(
    [nom] => kalala mutombo
    [email] => isaackadiat06@gmail.com
    [telephone] => 0830796030
    [sujet] => La retraite
    [message] => fxtxyret
)

[2026-01-24 07:21:52] Début du traitement du formulaire POST
[2026-01-24 07:21:52] Données POST reçues : Array
(
    [nom] => isaac kadiat
    [email] => Kadiat@dreamcode.com
    [telephone] => 0830796030
    [sujet] => La retraite
    [message] => jQKLHFJYNFCjaeq
)

[2026-01-24 07:22:46] Début du traitement du formulaire POST
[2026-01-24 07:22:46] Données POST reçues : Array
(
    [nom] => isaac kadiat
    [email] => Kadiat@dreamcode.com
    [telephone] => 0830796030
    [sujet] => La retraite
    [message] => jQKLHFJYNFCjaeq
)

[2026-01-26 08:02:10] Début du traitement du formulaire POST
[2026-01-26 08:02:10] Données POST reçues : Array
(
    [nom] => mayuke kadiata
    [email] => isaackadiat06@gmail.com
    [telephone] => 0830796030
    [sujet] => La retraite
    [message] => ftjdjxydkt ydctyrdhcf xt dtdezsdh rdt vser 
)

